scheduler.c:11:6:SCH_Init_Task	16	static
scheduler.c:20:6:SCH_Update_Task	4	static
scheduler.c:25:10:SCH_Add_Task	32	static
scheduler.c:62:6:SCH_Delete_Task	16	static
scheduler.c:80:6:SCH_Dispatch_Task	24	static
scheduler.c:99:6:blinkLED500	8	static
scheduler.c:104:6:blinkLED1000	8	static
scheduler.c:109:6:blinkLED1500	8	static
scheduler.c:114:6:blinkLED2000	8	static
scheduler.c:119:6:blinkLED2500	8	static
scheduler.c:124:6:blinkLEDoneshot	8	static
scheduler.c:129:6:blinkLEDButton	8	static
scheduler.c:137:6:printTime	8	static
scheduler.c:141:6:printMessage	120	static
