scheduler.c:12:6:SCH_Init_Task	16	static
scheduler.c:21:6:SCH_Update_Task	16	static
scheduler.c:31:10:SCH_Add_Task	24	static
scheduler.c:46:6:SCH_Delete_Task	24	static
scheduler.c:66:6:SCH_Dispatch_Task	16	static
scheduler.c:83:6:blinkLED500	8	static
scheduler.c:88:6:blinkLED1000	8	static
scheduler.c:93:6:blinkLED1500	8	static
scheduler.c:98:6:blinkLED2000	8	static
scheduler.c:103:6:blinkLED2500	8	static
scheduler.c:108:6:blinkLEDoneshot	8	static
scheduler.c:113:6:blinkLEDButton	8	static
scheduler.c:121:6:printTime	8	static
scheduler.c:125:6:printMessage	120	static
