Archive member included to satisfy reference by file (symbol)

d:/installation/apps/cubeide/stm32cubeide_1.7.0/stm32cubeide/plugins/com.st.stm32cube.ide.mcu.externaltools.gnu-tools-for-stm32.9-2020-q2-update.win32_2.0.0.202105311346/tools/bin/../lib/gcc/arm-none-eabi/9.3.1/../../../../arm-none-eabi/lib/thumb/v7-m/nofp\libc_nano.a(lib_a-errno.o)
                              ./Core/Src/syscalls.o (__errno)
d:/installation/apps/cubeide/stm32cubeide_1.7.0/stm32cubeide/plugins/com.st.stm32cube.ide.mcu.externaltools.gnu-tools-for-stm32.9-2020-q2-update.win32_2.0.0.202105311346/tools/bin/../lib/gcc/arm-none-eabi/9.3.1/../../../../arm-none-eabi/lib/thumb/v7-m/nofp\libc_nano.a(lib_a-exit.o)
                              d:/installation/apps/cubeide/stm32cubeide_1.7.0/stm32cubeide/plugins/com.st.stm32cube.ide.mcu.externaltools.gnu-tools-for-stm32.9-2020-q2-update.win32_2.0.0.202105311346/tools/bin/../lib/gcc/arm-none-eabi/9.3.1/../../../../arm-none-eabi/lib/thumb/v7-m/nofp/crt0.o (exit)
d:/installation/apps/cubeide/stm32cubeide_1.7.0/stm32cubeide/plugins/com.st.stm32cube.ide.mcu.externaltools.gnu-tools-for-stm32.9-2020-q2-update.win32_2.0.0.202105311346/tools/bin/../lib/gcc/arm-none-eabi/9.3.1/../../../../arm-none-eabi/lib/thumb/v7-m/nofp\libc_nano.a(lib_a-impure.o)
                              d:/installation/apps/cubeide/stm32cubeide_1.7.0/stm32cubeide/plugins/com.st.stm32cube.ide.mcu.externaltools.gnu-tools-for-stm32.9-2020-q2-update.win32_2.0.0.202105311346/tools/bin/../lib/gcc/arm-none-eabi/9.3.1/../../../../arm-none-eabi/lib/thumb/v7-m/nofp\libc_nano.a(lib_a-exit.o) (_global_impure_ptr)
d:/installation/apps/cubeide/stm32cubeide_1.7.0/stm32cubeide/plugins/com.st.stm32cube.ide.mcu.externaltools.gnu-tools-for-stm32.9-2020-q2-update.win32_2.0.0.202105311346/tools/bin/../lib/gcc/arm-none-eabi/9.3.1/../../../../arm-none-eabi/lib/thumb/v7-m/nofp\libc_nano.a(lib_a-init.o)
                              d:/installation/apps/cubeide/stm32cubeide_1.7.0/stm32cubeide/plugins/com.st.stm32cube.ide.mcu.externaltools.gnu-tools-for-stm32.9-2020-q2-update.win32_2.0.0.202105311346/tools/bin/../lib/gcc/arm-none-eabi/9.3.1/../../../../arm-none-eabi/lib/thumb/v7-m/nofp/crt0.o (__libc_init_array)
d:/installation/apps/cubeide/stm32cubeide_1.7.0/stm32cubeide/plugins/com.st.stm32cube.ide.mcu.externaltools.gnu-tools-for-stm32.9-2020-q2-update.win32_2.0.0.202105311346/tools/bin/../lib/gcc/arm-none-eabi/9.3.1/../../../../arm-none-eabi/lib/thumb/v7-m/nofp\libc_nano.a(lib_a-memset.o)
                              d:/installation/apps/cubeide/stm32cubeide_1.7.0/stm32cubeide/plugins/com.st.stm32cube.ide.mcu.externaltools.gnu-tools-for-stm32.9-2020-q2-update.win32_2.0.0.202105311346/tools/bin/../lib/gcc/arm-none-eabi/9.3.1/../../../../arm-none-eabi/lib/thumb/v7-m/nofp/crt0.o (memset)

Allocating common symbols
Common symbol       size              file

timers              0x30              ./Core/Src/UDF_button.o
system              0xe               ./Core/Src/UDF_traffic_light.o
uwTick              0x4               ./Drivers/STM32F1xx_HAL_Driver/Src/stm32f1xx_hal.o
pFlash              0x20              ./Drivers/STM32F1xx_HAL_Driver/Src/stm32f1xx_hal_flash.o
ledSegments         0x30              ./Core/Src/UDF_led_segment.o
ledIndicatorPhysical
                    0x30              ./Core/Src/UDF_led_indicator.o
buttons             0x150             ./Core/Src/UDF_button.o
htim2               0x48              ./Core/Src/main.o

Discarded input sections

 .text          0x0000000000000000        0x0 d:/installation/apps/cubeide/stm32cubeide_1.7.0/stm32cubeide/plugins/com.st.stm32cube.ide.mcu.externaltools.gnu-tools-for-stm32.9-2020-q2-update.win32_2.0.0.202105311346/tools/bin/../lib/gcc/arm-none-eabi/9.3.1/thumb/v7-m/nofp/crti.o
 .data          0x0000000000000000        0x0 d:/installation/apps/cubeide/stm32cubeide_1.7.0/stm32cubeide/plugins/com.st.stm32cube.ide.mcu.externaltools.gnu-tools-for-stm32.9-2020-q2-update.win32_2.0.0.202105311346/tools/bin/../lib/gcc/arm-none-eabi/9.3.1/thumb/v7-m/nofp/crti.o
 .bss           0x0000000000000000        0x0 d:/installation/apps/cubeide/stm32cubeide_1.7.0/stm32cubeide/plugins/com.st.stm32cube.ide.mcu.externaltools.gnu-tools-for-stm32.9-2020-q2-update.win32_2.0.0.202105311346/tools/bin/../lib/gcc/arm-none-eabi/9.3.1/thumb/v7-m/nofp/crti.o
 .data          0x0000000000000000        0x4 d:/installation/apps/cubeide/stm32cubeide_1.7.0/stm32cubeide/plugins/com.st.stm32cube.ide.mcu.externaltools.gnu-tools-for-stm32.9-2020-q2-update.win32_2.0.0.202105311346/tools/bin/../lib/gcc/arm-none-eabi/9.3.1/thumb/v7-m/nofp/crtbegin.o
 .text          0x0000000000000000       0x7c d:/installation/apps/cubeide/stm32cubeide_1.7.0/stm32cubeide/plugins/com.st.stm32cube.ide.mcu.externaltools.gnu-tools-for-stm32.9-2020-q2-update.win32_2.0.0.202105311346/tools/bin/../lib/gcc/arm-none-eabi/9.3.1/../../../../arm-none-eabi/lib/thumb/v7-m/nofp/crt0.o
[...]
Memory Configuration

Name             Origin             Length             Attributes
RAM              0x0000000020000000 0x0000000000002800 xrw
FLASH            0x0000000008000000 0x0000000000008000 xr
*default*        0x0000000000000000 0xffffffffffffffff

Linker script and memory map

LOAD d:/installation/apps/cubeide/stm32cubeide_1.7.0/stm32cubeide/plugins/com.st.stm32cube.ide.mcu.externaltools.gnu-tools-for-stm32.9-2020-q2-update.win32_2.0.0.202105311346/tools/bin/../lib/gcc/arm-none-eabi/9.3.1/thumb/v7-m/nofp/crti.o
LOAD d:/installation/apps/cubeide/stm32cubeide_1.7.0/stm32cubeide/plugins/com.st.stm32cube.ide.mcu.externaltools.gnu-tools-for-stm32.9-2020-q2-update.win32_2.0.0.202105311346/tools/bin/../lib/gcc/arm-none-eabi/9.3.1/thumb/v7-m/nofp/crtbegin.o
LOAD d:/installation/apps/cubeide/stm32cubeide_1.7.0/stm32cubeide/plugins/com.st.stm32cube.ide.mcu.externaltools.gnu-tools-for-stm32.9-2020-q2-update.win32_2.0.0.202105311346/tools/bin/../lib/gcc/arm-none-eabi/9.3.1/../../../../arm-none-eabi/lib/thumb/v7-m/nofp/crt0.o
LOAD ./Core/Src/UDF_button.o
LOAD ./Core/Src/UDF_global.o
LOAD ./Core/Src/UDF_led_indicator.o
LOAD ./Core/Src/UDF_led_segment.o
LOAD ./Core/Src/UDF_timer.o
LOAD ./Core/Src/UDF_traffic_light.o
LOAD ./Core/Src/main.o
LOAD ./Core/Src/stm32f1xx_hal_msp.o
LOAD ./Core/Src/stm32f1xx_it.o
LOAD ./Core/Src/syscalls.o
LOAD ./Core/Src/sysmem.o
LOAD ./Core/Src/system_stm32f1xx.o
LOAD ./Core/Startup/startup_stm32f103c6tx.o
LOAD ./Drivers/STM32F1xx_HAL_Driver/Src/stm32f1xx_hal.o
LOAD ./Drivers/STM32F1xx_HAL_Driver/Src/stm32f1xx_hal_cortex.o
LOAD ./Drivers/STM32F1xx_HAL_Driver/Src/stm32f1xx_hal_dma.o
LOAD ./Drivers/STM32F1xx_HAL_Driver/Src/stm32f1xx_hal_exti.o
LOAD ./Drivers/STM32F1xx_HAL_Driver/Src/stm32f1xx_hal_flash.o
LOAD ./Drivers/STM32F1xx_HAL_Driver/Src/stm32f1xx_hal_flash_ex.o
LOAD ./Drivers/STM32F1xx_HAL_Driver/Src/stm32f1xx_hal_gpio.o
LOAD ./Drivers/STM32F1xx_HAL_Driver/Src/stm32f1xx_hal_gpio_ex.o
LOAD ./Drivers/STM32F1xx_HAL_Driver/Src/stm32f1xx_hal_pwr.o
LOAD ./Drivers/STM32F1xx_HAL_Driver/Src/stm32f1xx_hal_rcc.o
LOAD ./Drivers/STM32F1xx_HAL_Driver/Src/stm32f1xx_hal_rcc_ex.o
LOAD ./Drivers/STM32F1xx_HAL_Driver/Src/stm32f1xx_hal_tim.o
LOAD ./Drivers/STM32F1xx_HAL_Driver/Src/stm32f1xx_hal_tim_ex.o
START GROUP
LOAD d:/installation/apps/cubeide/stm32cubeide_1.7.0/stm32cubeide/plugins/com.st.stm32cube.ide.mcu.externaltools.gnu-tools-for-stm32.9-2020-q2-update.win32_2.0.0.202105311346/tools/bin/../lib/gcc/arm-none-eabi/9.3.1/../../../../arm-none-eabi/lib/thumb/v7-m/nofp\libc_nano.a
LOAD d:/installation/apps/cubeide/stm32cubeide_1.7.0/stm32cubeide/plugins/com.st.stm32cube.ide.mcu.externaltools.gnu-tools-for-stm32.9-2020-q2-update.win32_2.0.0.202105311346/tools/bin/../lib/gcc/arm-none-eabi/9.3.1/../../../../arm-none-eabi/lib/thumb/v7-m/nofp\libm.a
END GROUP
START GROUP
LOAD d:/installation/apps/cubeide/stm32cubeide_1.7.0/stm32cubeide/plugins/com.st.stm32cube.ide.mcu.externaltools.gnu-tools-for-stm32.9-2020-q2-update.win32_2.0.0.202105311346/tools/bin/../lib/gcc/arm-none-eabi/9.3.1/thumb/v7-m/nofp\libgcc.a
LOAD d:/installation/apps/cubeide/stm32cubeide_1.7.0/stm32cubeide/plugins/com.st.stm32cube.ide.mcu.externaltools.gnu-tools-for-stm32.9-2020-q2-update.win32_2.0.0.202105311346/tools/bin/../lib/gcc/arm-none-eabi/9.3.1/../../../../arm-none-eabi/lib/thumb/v7-m/nofp\libc_nano.a
END GROUP
START GROUP
LOAD d:/installation/apps/cubeide/stm32cubeide_1.7.0/stm32cubeide/plugins/com.st.stm32cube.ide.mcu.externaltools.gnu-tools-for-stm32.9-2020-q2-update.win32_2.0.0.202105311346/tools/bin/../lib/gcc/arm-none-eabi/9.3.1/thumb/v7-m/nofp\libgcc.a
LOAD d:/installation/apps/cubeide/stm32cubeide_1.7.0/stm32cubeide/plugins/com.st.stm32cube.ide.mcu.externaltools.gnu-tools-for-stm32.9-2020-q2-update.win32_2.0.0.202105311346/tools/bin/../lib/gcc/arm-none-eabi/9.3.1/../../../../arm-none-eabi/lib/thumb/v7-m/nofp\libc_nano.a
LOAD d:/installation/apps/cubeide/stm32cubeide_1.7.0/stm32cubeide/plugins/com.st.stm32cube.ide.mcu.externaltools.gnu-tools-for-stm32.9-2020-q2-update.win32_2.0.0.202105311346/tools/bin/../lib/gcc/arm-none-eabi/9.3.1/../../../../arm-none-eabi/lib/thumb/v7-m/nofp\libnosys.a
END GROUP
START GROUP
LOAD d:/installation/apps/cubeide/stm32cubeide_1.7.0/stm32cubeide/plugins/com.st.stm32cube.ide.mcu.externaltools.gnu-tools-for-stm32.9-2020-q2-update.win32_2.0.0.202105311346/tools/bin/../lib/gcc/arm-none-eabi/9.3.1/thumb/v7-m/nofp\libgcc.a
LOAD d:/installation/apps/cubeide/stm32cubeide_1.7.0/stm32cubeide/plugins/com.st.stm32cube.ide.mcu.externaltools.gnu-tools-for-stm32.9-2020-q2-update.win32_2.0.0.202105311346/tools/bin/../lib/gcc/arm-none-eabi/9.3.1/../../../../arm-none-eabi/lib/thumb/v7-m/nofp\libc_nano.a
LOAD d:/installation/apps/cubeide/stm32cubeide_1.7.0/stm32cubeide/plugins/com.st.stm32cube.ide.mcu.externaltools.gnu-tools-for-stm32.9-2020-q2-update.win32_2.0.0.202105311346/tools/bin/../lib/gcc/arm-none-eabi/9.3.1/../../../../arm-none-eabi/lib/thumb/v7-m/nofp\libnosys.a
END GROUP
LOAD d:/installation/apps/cubeide/stm32cubeide_1.7.0/stm32cubeide/plugins/com.st.stm32cube.ide.mcu.externaltools.gnu-tools-for-stm32.9-2020-q2-update.win32_2.0.0.202105311346/tools/bin/../lib/gcc/arm-none-eabi/9.3.1/thumb/v7-m/nofp/crtend.o
LOAD d:/installation/apps/cubeide/stm32cubeide_1.7.0/stm32cubeide/plugins/com.st.stm32cube.ide.mcu.externaltools.gnu-tools-for-stm32.9-2020-q2-update.win32_2.0.0.202105311346/tools/bin/../lib/gcc/arm-none-eabi/9.3.1/thumb/v7-m/nofp/crtn.o
                0x0000000020002800                _estack = (ORIGIN (RAM) + LENGTH (RAM))
                0x0000000000000200                _Min_Heap_Size = 0x200
                0x0000000000000400                _Min_Stack_Size = 0x400

.isr_vector     0x0000000008000000      0x10c
                0x0000000008000000                . = ALIGN (0x4)
 *(.isr_vector)
 .isr_vector    0x0000000008000000      0x10c ./Core/Startup/startup_stm32f103c6tx.o
                0x0000000008000000                g_pfnVectors
                0x000000000800010c                . = ALIGN (0x4)

.text           0x000000000800010c     0x239c
                0x000000000800010c                . = ALIGN (0x4)
 *(.text)
 .text          0x000000000800010c       0x40 d:/installation/apps/cubeide/stm32cubeide_1.7.0/stm32cubeide/plugins/com.st.stm32cube.ide.mcu.externaltools.gnu-tools-for-stm32.9-2020-q2-update.win32_2.0.0.202105311346/tools/bin/../lib/gcc/arm-none-eabi/9.3.1/thumb/v7-m/nofp/crtbegin.o
 *(.text*)
 .text.calculate_button_sample_limit
                0x000000000800014c        0xe ./Core/Src/UDF_button.o
                0x000000000800014c                calculate_button_sample_limit
 *fill*         0x000000000800015a        0x2 
 .text.init_button
                0x000000000800015c       0xcc ./Core/Src/UDF_button.o
                0x000000000800015c                init_button
 .text.turn_all_led_indicator_off
                0x0000000008000228       0x68 ./Core/Src/UDF_led_indicator.o
                0x0000000008000228                turn_all_led_indicator_off
 .text.turn_all_led_indicator_on
                0x0000000008000290       0x68 ./Core/Src/UDF_led_indicator.o
                0x0000000008000290                turn_all_led_indicator_on
 .text.init_led_indicator
                0x00000000080002f8       0x80 ./Core/Src/UDF_led_indicator.o
                0x00000000080002f8                init_led_indicator
 .text.display_led_indicator
                0x0000000008000378       0x98 ./Core/Src/UDF_led_indicator.o
                0x0000000008000378                display_led_indicator
 .text.blink_all_led
                0x0000000008000410       0x2c ./Core/Src/UDF_led_indicator.o
                0x0000000008000410                blink_all_led
 .text.init_led_segment
                0x000000000800043c       0xe8 ./Core/Src/UDF_led_segment.o
                0x000000000800043c                init_led_segment
 .text.modify_led_segment_buffer
                0x0000000008000524       0x6c ./Core/Src/UDF_led_segment.o
                0x0000000008000524                modify_led_segment_buffer
 .text.display_led_segment
                0x0000000008000590      0x164 ./Core/Src/UDF_led_segment.o
                0x0000000008000590                display_led_segment
 .text.calculate_button_sample_rate
                0x00000000080006f4        0xe ./Core/Src/UDF_timer.o
                0x00000000080006f4                calculate_button_sample_rate
 *fill*         0x0000000008000702        0x2 
 .text.init_timer
                0x0000000008000704       0x78 ./Core/Src/UDF_timer.o
                0x0000000008000704                init_timer
 .text.HAL_TIM_PeriodElapsedCallback
                0x000000000800077c       0x9c ./Core/Src/UDF_timer.o
                0x000000000800077c                HAL_TIM_PeriodElapsedCallback
 .text.fsm_led_indicator
                0x0000000008000818       0xd4 ./Core/Src/UDF_traffic_light.o
                0x0000000008000818                fsm_led_indicator
 .text.fsm_led_segment
                0x00000000080008ec       0xcc ./Core/Src/UDF_traffic_light.o
                0x00000000080008ec                fsm_led_segment
 .text.init_fsm_traffic_light_system
                0x00000000080009b8       0x78 ./Core/Src/UDF_traffic_light.o
                0x00000000080009b8                init_fsm_traffic_light_system
 .text.fsm_traffic_light_system
                0x0000000008000a30      0x10c ./Core/Src/UDF_traffic_light.o
                0x0000000008000a30                fsm_traffic_light_system
 .text.main     0x0000000008000b3c       0x28 ./Core/Src/main.o
                0x0000000008000b3c                main
 .text.SystemClock_Config
                0x0000000008000b64       0x76 ./Core/Src/main.o
                0x0000000008000b64                SystemClock_Config
 *fill*         0x0000000008000bda        0x2 
 .text.MX_TIM2_Init
                0x0000000008000bdc       0x98 ./Core/Src/main.o
 .text.MX_GPIO_Init
                0x0000000008000c74       0xc4 ./Core/Src/main.o
 .text.Error_Handler
                0x0000000008000d38        0xa ./Core/Src/main.o
                0x0000000008000d38                Error_Handler
 *fill*         0x0000000008000d42        0x2 
 .text.HAL_MspInit
                0x0000000008000d44       0x64 ./Core/Src/stm32f1xx_hal_msp.o
                0x0000000008000d44                HAL_MspInit
 .text.HAL_TIM_Base_MspInit
                0x0000000008000da8       0x48 ./Core/Src/stm32f1xx_hal_msp.o
                0x0000000008000da8                HAL_TIM_Base_MspInit
 .text.NMI_Handler
                0x0000000008000df0        0x6 ./Core/Src/stm32f1xx_it.o
                0x0000000008000df0                NMI_Handler
 .text.HardFault_Handler
                0x0000000008000df6        0x6 ./Core/Src/stm32f1xx_it.o
                0x0000000008000df6                HardFault_Handler
 .text.MemManage_Handler
                0x0000000008000dfc        0x6 ./Core/Src/stm32f1xx_it.o
                0x0000000008000dfc                MemManage_Handler
 .text.BusFault_Handler
                0x0000000008000e02        0x6 ./Core/Src/stm32f1xx_it.o
                0x0000000008000e02                BusFault_Handler
 .text.UsageFault_Handler
                0x0000000008000e08        0x6 ./Core/Src/stm32f1xx_it.o
                0x0000000008000e08                UsageFault_Handler
 .text.SVC_Handler
                0x0000000008000e0e        0xc ./Core/Src/stm32f1xx_it.o
                0x0000000008000e0e                SVC_Handler
 .text.DebugMon_Handler
                0x0000000008000e1a        0xc ./Core/Src/stm32f1xx_it.o
                0x0000000008000e1a                DebugMon_Handler
 .text.PendSV_Handler
                0x0000000008000e26        0xc ./Core/Src/stm32f1xx_it.o
                0x0000000008000e26                PendSV_Handler
 .text.SysTick_Handler
                0x0000000008000e32        0xc ./Core/Src/stm32f1xx_it.o
                0x0000000008000e32                SysTick_Handler
 *fill*         0x0000000008000e3e        0x2 
 .text.TIM2_IRQHandler
                0x0000000008000e40       0x14 ./Core/Src/stm32f1xx_it.o
                0x0000000008000e40                TIM2_IRQHandler
 .text.SystemInit
                0x0000000008000e54        0xc ./Core/Src/system_stm32f1xx.o
                0x0000000008000e54                SystemInit
 .text.Reset_Handler
                0x0000000008000e60       0x48 ./Core/Startup/startup_stm32f103c6tx.o
                0x0000000008000e60                Reset_Handler
 .text.Default_Handler
                0x0000000008000ea8        0x2 ./Core/Startup/startup_stm32f103c6tx.o
                0x0000000008000ea8                RTC_Alarm_IRQHandler
                0x0000000008000ea8                EXTI2_IRQHandler
                0x0000000008000ea8                TIM1_CC_IRQHandler
                0x0000000008000ea8                PVD_IRQHandler
                0x0000000008000ea8                EXTI3_IRQHandler
                0x0000000008000ea8                EXTI0_IRQHandler
                0x0000000008000ea8                ADC1_2_IRQHandler
                0x0000000008000ea8                SPI1_IRQHandler
                0x0000000008000ea8                TAMPER_IRQHandler
                0x0000000008000ea8                DMA1_Channel4_IRQHandler
                0x0000000008000ea8                RTC_IRQHandler
                0x0000000008000ea8                DMA1_Channel7_IRQHandler
                0x0000000008000ea8                CAN1_RX1_IRQHandler
                0x0000000008000ea8                I2C1_EV_IRQHandler
                0x0000000008000ea8                DMA1_Channel6_IRQHandler
                0x0000000008000ea8                TIM3_IRQHandler
                0x0000000008000ea8                RCC_IRQHandler
                0x0000000008000ea8                TIM1_TRG_COM_IRQHandler
                0x0000000008000ea8                DMA1_Channel1_IRQHandler
                0x0000000008000ea8                Default_Handler
                0x0000000008000ea8                EXTI15_10_IRQHandler
                0x0000000008000ea8                EXTI9_5_IRQHandler
                0x0000000008000ea8                DMA1_Channel5_IRQHandler
                0x0000000008000ea8                EXTI4_IRQHandler
                0x0000000008000ea8                USB_LP_CAN1_RX0_IRQHandler
                0x0000000008000ea8                USB_HP_CAN1_TX_IRQHandler
                0x0000000008000ea8                DMA1_Channel3_IRQHandler
                0x0000000008000ea8                TIM1_UP_IRQHandler
                0x0000000008000ea8                WWDG_IRQHandler
                0x0000000008000ea8                TIM1_BRK_IRQHandler
                0x0000000008000ea8                EXTI1_IRQHandler
                0x0000000008000ea8                USART2_IRQHandler
                0x0000000008000ea8                DMA1_Channel2_IRQHandler
                0x0000000008000ea8                CAN1_SCE_IRQHandler
                0x0000000008000ea8                FLASH_IRQHandler
                0x0000000008000ea8                USART1_IRQHandler
                0x0000000008000ea8                I2C1_ER_IRQHandler
                0x0000000008000ea8                USBWakeUp_IRQHandler
 *fill*         0x0000000008000eaa        0x2 
 .text.HAL_Init
                0x0000000008000eac       0x2c ./Drivers/STM32F1xx_HAL_Driver/Src/stm32f1xx_hal.o
                0x0000000008000eac                HAL_Init
 .text.HAL_InitTick
                0x0000000008000ed8       0x60 ./Drivers/STM32F1xx_HAL_Driver/Src/stm32f1xx_hal.o
                0x0000000008000ed8                HAL_InitTick
 .text.HAL_IncTick
                0x0000000008000f38       0x24 ./Drivers/STM32F1xx_HAL_Driver/Src/stm32f1xx_hal.o
                0x0000000008000f38                HAL_IncTick
 .text.HAL_GetTick
                0x0000000008000f5c       0x14 ./Drivers/STM32F1xx_HAL_Driver/Src/stm32f1xx_hal.o
                0x0000000008000f5c                HAL_GetTick
 .text.__NVIC_SetPriorityGrouping
                0x0000000008000f70       0x48 ./Drivers/STM32F1xx_HAL_Driver/Src/stm32f1xx_hal_cortex.o
 .text.__NVIC_GetPriorityGrouping
                0x0000000008000fb8       0x1c ./Drivers/STM32F1xx_HAL_Driver/Src/stm32f1xx_hal_cortex.o
 .text.__NVIC_EnableIRQ
                0x0000000008000fd4       0x38 ./Drivers/STM32F1xx_HAL_Driver/Src/stm32f1xx_hal_cortex.o
 .text.__NVIC_SetPriority
                0x000000000800100c       0x54 ./Drivers/STM32F1xx_HAL_Driver/Src/stm32f1xx_hal_cortex.o
 .text.NVIC_EncodePriority
                0x0000000008001060       0x64 ./Drivers/STM32F1xx_HAL_Driver/Src/stm32f1xx_hal_cortex.o
 .text.SysTick_Config
                0x00000000080010c4       0x44 ./Drivers/STM32F1xx_HAL_Driver/Src/stm32f1xx_hal_cortex.o
 .text.HAL_NVIC_SetPriorityGrouping
                0x0000000008001108       0x16 ./Drivers/STM32F1xx_HAL_Driver/Src/stm32f1xx_hal_cortex.o
                0x0000000008001108                HAL_NVIC_SetPriorityGrouping
 .text.HAL_NVIC_SetPriority
                0x000000000800111e       0x38 ./Drivers/STM32F1xx_HAL_Driver/Src/stm32f1xx_hal_cortex.o
                0x000000000800111e                HAL_NVIC_SetPriority
 .text.HAL_NVIC_EnableIRQ
                0x0000000008001156       0x1c ./Drivers/STM32F1xx_HAL_Driver/Src/stm32f1xx_hal_cortex.o
                0x0000000008001156                HAL_NVIC_EnableIRQ
 .text.HAL_SYSTICK_Config
                0x0000000008001172       0x18 ./Drivers/STM32F1xx_HAL_Driver/Src/stm32f1xx_hal_cortex.o
                0x0000000008001172                HAL_SYSTICK_Config
 *fill*         0x000000000800118a        0x2 
 .text.HAL_GPIO_Init
                0x000000000800118c      0x2f4 ./Drivers/STM32F1xx_HAL_Driver/Src/stm32f1xx_hal_gpio.o
                0x000000000800118c                HAL_GPIO_Init
 .text.HAL_GPIO_WritePin
                0x0000000008001480       0x30 ./Drivers/STM32F1xx_HAL_Driver/Src/stm32f1xx_hal_gpio.o
                0x0000000008001480                HAL_GPIO_WritePin
 .text.HAL_RCC_OscConfig
                0x00000000080014b0      0x500 ./Drivers/STM32F1xx_HAL_Driver/Src/stm32f1xx_hal_rcc.o
                0x00000000080014b0                HAL_RCC_OscConfig
 .text.HAL_RCC_ClockConfig
                0x00000000080019b0      0x1d4 ./Drivers/STM32F1xx_HAL_Driver/Src/stm32f1xx_hal_rcc.o
                0x00000000080019b0                HAL_RCC_ClockConfig
 .text.HAL_RCC_GetSysClockFreq
                0x0000000008001b84       0xa8 ./Drivers/STM32F1xx_HAL_Driver/Src/stm32f1xx_hal_rcc.o
                0x0000000008001b84                HAL_RCC_GetSysClockFreq
 .text.RCC_Delay
                0x0000000008001c2c       0x3c ./Drivers/STM32F1xx_HAL_Driver/Src/stm32f1xx_hal_rcc.o
 .text.HAL_TIM_Base_Init
                0x0000000008001c68       0x9e ./Drivers/STM32F1xx_HAL_Driver/Src/stm32f1xx_hal_tim.o
                0x0000000008001c68                HAL_TIM_Base_Init
 *fill*         0x0000000008001d06        0x2 
 .text.HAL_TIM_Base_Start_IT
                0x0000000008001d08       0x98 ./Drivers/STM32F1xx_HAL_Driver/Src/stm32f1xx_hal_tim.o
                0x0000000008001d08                HAL_TIM_Base_Start_IT
 .text.HAL_TIM_IRQHandler
                0x0000000008001da0      0x210 ./Drivers/STM32F1xx_HAL_Driver/Src/stm32f1xx_hal_tim.o
                0x0000000008001da0                HAL_TIM_IRQHandler
 .text.HAL_TIM_ConfigClockSource
                0x0000000008001fb0      0x18e ./Drivers/STM32F1xx_HAL_Driver/Src/stm32f1xx_hal_tim.o
                0x0000000008001fb0                HAL_TIM_ConfigClockSource
 .text.HAL_TIM_OC_DelayElapsedCallback
                0x000000000800213e       0x12 ./Drivers/STM32F1xx_HAL_Driver/Src/stm32f1xx_hal_tim.o
                0x000000000800213e                HAL_TIM_OC_DelayElapsedCallback
 .text.HAL_TIM_IC_CaptureCallback
                0x0000000008002150       0x12 ./Drivers/STM32F1xx_HAL_Driver/Src/stm32f1xx_hal_tim.o
                0x0000000008002150                HAL_TIM_IC_CaptureCallback
 .text.HAL_TIM_PWM_PulseFinishedCallback
                0x0000000008002162       0x12 ./Drivers/STM32F1xx_HAL_Driver/Src/stm32f1xx_hal_tim.o
                0x0000000008002162                HAL_TIM_PWM_PulseFinishedCallback
 .text.HAL_TIM_TriggerCallback
                0x0000000008002174       0x12 ./Drivers/STM32F1xx_HAL_Driver/Src/stm32f1xx_hal_tim.o
                0x0000000008002174                HAL_TIM_TriggerCallback
 *fill*         0x0000000008002186        0x2 
 .text.TIM_Base_SetConfig
                0x0000000008002188       0xb0 ./Drivers/STM32F1xx_HAL_Driver/Src/stm32f1xx_hal_tim.o
                0x0000000008002188                TIM_Base_SetConfig
 .text.TIM_TI1_ConfigInputStage
                0x0000000008002238       0x5c ./Drivers/STM32F1xx_HAL_Driver/Src/stm32f1xx_hal_tim.o
 .text.TIM_TI2_ConfigInputStage
                0x0000000008002294       0x5e ./Drivers/STM32F1xx_HAL_Driver/Src/stm32f1xx_hal_tim.o
 .text.TIM_ITRx_SetConfig
                0x00000000080022f2       0x34 ./Drivers/STM32F1xx_HAL_Driver/Src/stm32f1xx_hal_tim.o
 .text.TIM_ETR_SetConfig
                0x0000000008002326       0x3e ./Drivers/STM32F1xx_HAL_Driver/Src/stm32f1xx_hal_tim.o
                0x0000000008002326                TIM_ETR_SetConfig
 .text.HAL_TIMEx_MasterConfigSynchronization
                0x0000000008002364       0xb0 ./Drivers/STM32F1xx_HAL_Driver/Src/stm32f1xx_hal_tim_ex.o
                0x0000000008002364                HAL_TIMEx_MasterConfigSynchronization
 .text.HAL_TIMEx_CommutCallback
                0x0000000008002414       0x12 ./Drivers/STM32F1xx_HAL_Driver/Src/stm32f1xx_hal_tim_ex.o
                0x0000000008002414                HAL_TIMEx_CommutCallback
 .text.HAL_TIMEx_BreakCallback
                0x0000000008002426       0x12 ./Drivers/STM32F1xx_HAL_Driver/Src/stm32f1xx_hal_tim_ex.o
                0x0000000008002426                HAL_TIMEx_BreakCallback
 .text.__libc_init_array
                0x0000000008002438       0x48 d:/installation/apps/cubeide/stm32cubeide_1.7.0/stm32cubeide/plugins/com.st.stm32cube.ide.mcu.externaltools.gnu-tools-for-stm32.9-2020-q2-update.win32_2.0.0.202105311346/tools/bin/../lib/gcc/arm-none-eabi/9.3.1/../../../../arm-none-eabi/lib/thumb/v7-m/nofp\libc_nano.a(lib_a-init.o)
                0x0000000008002438                __libc_init_array
 .text.memset   0x0000000008002480       0x10 d:/installation/apps/cubeide/stm32cubeide_1.7.0/stm32cubeide/plugins/com.st.stm32cube.ide.mcu.externaltools.gnu-tools-for-stm32.9-2020-q2-update.win32_2.0.0.202105311346/tools/bin/../lib/gcc/arm-none-eabi/9.3.1/../../../../arm-none-eabi/lib/thumb/v7-m/nofp\libc_nano.a(lib_a-memset.o)
                0x0000000008002480                memset
 *(.glue_7)
 .glue_7        0x0000000008002490        0x0 linker stubs
 *(.glue_7t)
 .glue_7t       0x0000000008002490        0x0 linker stubs
 *(.eh_frame)
 .eh_frame      0x0000000008002490        0x0 d:/installation/apps/cubeide/stm32cubeide_1.7.0/stm32cubeide/plugins/com.st.stm32cube.ide.mcu.externaltools.gnu-tools-for-stm32.9-2020-q2-update.win32_2.0.0.202105311346/tools/bin/../lib/gcc/arm-none-eabi/9.3.1/thumb/v7-m/nofp/crtbegin.o
 *(.init)
 .init          0x0000000008002490        0x4 d:/installation/apps/cubeide/stm32cubeide_1.7.0/stm32cubeide/plugins/com.st.stm32cube.ide.mcu.externaltools.gnu-tools-for-stm32.9-2020-q2-update.win32_2.0.0.202105311346/tools/bin/../lib/gcc/arm-none-eabi/9.3.1/thumb/v7-m/nofp/crti.o
                0x0000000008002490                _init
 .init          0x0000000008002494        0x8 d:/installation/apps/cubeide/stm32cubeide_1.7.0/stm32cubeide/plugins/com.st.stm32cube.ide.mcu.externaltools.gnu-tools-for-stm32.9-2020-q2-update.win32_2.0.0.202105311346/tools/bin/../lib/gcc/arm-none-eabi/9.3.1/thumb/v7-m/nofp/crtn.o
 *(.fini)
 .fini          0x000000000800249c        0x4 d:/installation/apps/cubeide/stm32cubeide_1.7.0/stm32cubeide/plugins/com.st.stm32cube.ide.mcu.externaltools.gnu-tools-for-stm32.9-2020-q2-update.win32_2.0.0.202105311346/tools/bin/../lib/gcc/arm-none-eabi/9.3.1/thumb/v7-m/nofp/crti.o
                0x000000000800249c                _fini
 .fini          0x00000000080024a0        0x8 d:/installation/apps/cubeide/stm32cubeide_1.7.0/stm32cubeide/plugins/com.st.stm32cube.ide.mcu.externaltools.gnu-tools-for-stm32.9-2020-q2-update.win32_2.0.0.202105311346/tools/bin/../lib/gcc/arm-none-eabi/9.3.1/thumb/v7-m/nofp/crtn.o
                0x00000000080024a8                . = ALIGN (0x4)
                0x00000000080024a8                _etext = .

.vfp11_veneer   0x00000000080024a8        0x0
 .vfp11_veneer  0x00000000080024a8        0x0 linker stubs

.v4_bx          0x00000000080024a8        0x0
 .v4_bx         0x00000000080024a8        0x0 linker stubs

.iplt           0x00000000080024a8        0x0
 .iplt          0x00000000080024a8        0x0 d:/installation/apps/cubeide/stm32cubeide_1.7.0/stm32cubeide/plugins/com.st.stm32cube.ide.mcu.externaltools.gnu-tools-for-stm32.9-2020-q2-update.win32_2.0.0.202105311346/tools/bin/../lib/gcc/arm-none-eabi/9.3.1/thumb/v7-m/nofp/crtbegin.o

.rodata         0x00000000080024a8       0x74
                0x00000000080024a8                . = ALIGN (0x4)
 *(.rodata)
 .rodata        0x00000000080024a8       0x30 ./Core/Src/UDF_led_indicator.o
 .rodata        0x00000000080024d8       0x20 ./Core/Src/UDF_led_segment.o
 *(.rodata*)
 .rodata.AHBPrescTable
                0x00000000080024f8       0x10 ./Core/Src/system_stm32f1xx.o
                0x00000000080024f8                AHBPrescTable
 .rodata.aPLLMULFactorTable.6032
                0x0000000008002508       0x10 ./Drivers/STM32F1xx_HAL_Driver/Src/stm32f1xx_hal_rcc.o
 .rodata.aPredivFactorTable.6033
                0x0000000008002518        0x2 ./Drivers/STM32F1xx_HAL_Driver/Src/stm32f1xx_hal_rcc.o
                0x000000000800251c                . = ALIGN (0x4)
 *fill*         0x000000000800251a        0x2 

.rel.dyn        0x000000000800251c        0x0
 .rel.iplt      0x000000000800251c        0x0 d:/installation/apps/cubeide/stm32cubeide_1.7.0/stm32cubeide/plugins/com.st.stm32cube.ide.mcu.externaltools.gnu-tools-for-stm32.9-2020-q2-update.win32_2.0.0.202105311346/tools/bin/../lib/gcc/arm-none-eabi/9.3.1/thumb/v7-m/nofp/crtbegin.o

.ARM.extab      0x000000000800251c        0x0
                0x000000000800251c                . = ALIGN (0x4)
 *(.ARM.extab* .gnu.linkonce.armextab.*)
                0x000000000800251c                . = ALIGN (0x4)

.ARM            0x000000000800251c        0x0
                0x000000000800251c                . = ALIGN (0x4)
                0x000000000800251c                __exidx_start = .
 *(.ARM.exidx*)
                0x000000000800251c                __exidx_end = .
                0x000000000800251c                . = ALIGN (0x4)

.preinit_array  0x000000000800251c        0x0
                0x000000000800251c                . = ALIGN (0x4)
                0x000000000800251c                PROVIDE (__preinit_array_start = .)
 *(.preinit_array*)
                0x000000000800251c                PROVIDE (__preinit_array_end = .)
                0x000000000800251c                . = ALIGN (0x4)

.init_array     0x000000000800251c        0x4
                0x000000000800251c                . = ALIGN (0x4)
                0x000000000800251c                PROVIDE (__init_array_start = .)
 *(SORT_BY_NAME(.init_array.*))
 *(.init_array*)
 .init_array    0x000000000800251c        0x4 d:/installation/apps/cubeide/stm32cubeide_1.7.0/stm32cubeide/plugins/com.st.stm32cube.ide.mcu.externaltools.gnu-tools-for-stm32.9-2020-q2-update.win32_2.0.0.202105311346/tools/bin/../lib/gcc/arm-none-eabi/9.3.1/thumb/v7-m/nofp/crtbegin.o
                0x0000000008002520                PROVIDE (__init_array_end = .)
                0x0000000008002520                . = ALIGN (0x4)

.fini_array     0x0000000008002520        0x4
                0x0000000008002520                . = ALIGN (0x4)
                [!provide]                        PROVIDE (__fini_array_start = .)
 *(SORT_BY_NAME(.fini_array.*))
 *(.fini_array*)
 .fini_array    0x0000000008002520        0x4 d:/installation/apps/cubeide/stm32cubeide_1.7.0/stm32cubeide/plugins/com.st.stm32cube.ide.mcu.externaltools.gnu-tools-for-stm32.9-2020-q2-update.win32_2.0.0.202105311346/tools/bin/../lib/gcc/arm-none-eabi/9.3.1/thumb/v7-m/nofp/crtbegin.o
                [!provide]                        PROVIDE (__fini_array_end = .)
                0x0000000008002524                . = ALIGN (0x4)
                0x0000000008002524                _sidata = LOADADDR (.data)

.data           0x0000000020000000       0x40 load address 0x0000000008002524
                0x0000000020000000                . = ALIGN (0x4)
                0x0000000020000000                _sdata = .
 *(.data)
 *(.data*)
 .data.buttonSampleLimit
                0x0000000020000000        0x4 ./Core/Src/UDF_button.o
 .data.toggleState
                0x0000000020000004        0x1 ./Core/Src/UDF_led_indicator.o
                0x0000000020000004                toggleState
 *fill*         0x0000000020000005        0x3 
 .data.SEGMENT_HEX
                0x0000000020000008       0x28 ./Core/Src/UDF_led_segment.o
                0x0000000020000008                SEGMENT_HEX
 .data.button_to_response
                0x0000000020000030        0x1 ./Core/Src/UDF_traffic_light.o
                0x0000000020000030                button_to_response
 *fill*         0x0000000020000031        0x1 
 .data.modifyValue
                0x0000000020000032        0x2 ./Core/Src/UDF_traffic_light.o
                0x0000000020000032                modifyValue
 .data.SystemCoreClock
                0x0000000020000034        0x4 ./Core/Src/system_stm32f1xx.o
                0x0000000020000034                SystemCoreClock
 .data.uwTickPrio
                0x0000000020000038        0x4 ./Drivers/STM32F1xx_HAL_Driver/Src/stm32f1xx_hal.o
                0x0000000020000038                uwTickPrio
 .data.uwTickFreq
                0x000000002000003c        0x1 ./Drivers/STM32F1xx_HAL_Driver/Src/stm32f1xx_hal.o
                0x000000002000003c                uwTickFreq
 *(.RamFunc)
 *(.RamFunc*)
                0x0000000020000040                . = ALIGN (0x4)
 *fill*         0x000000002000003d        0x3 
                0x0000000020000040                _edata = .

.igot.plt       0x0000000020000040        0x0 load address 0x0000000008002564
 .igot.plt      0x0000000020000040        0x0 d:/installation/apps/cubeide/stm32cubeide_1.7.0/stm32cubeide/plugins/com.st.stm32cube.ide.mcu.externaltools.gnu-tools-for-stm32.9-2020-q2-update.win32_2.0.0.202105311346/tools/bin/../lib/gcc/arm-none-eabi/9.3.1/thumb/v7-m/nofp/crtbegin.o
                0x0000000020000040                . = ALIGN (0x4)

.bss            0x0000000020000040      0x260 load address 0x0000000008002564
                0x0000000020000040                _sbss = .
                0x0000000020000040                __bss_start__ = _sbss
 *(.bss)
 .bss           0x0000000020000040       0x1c d:/installation/apps/cubeide/stm32cubeide_1.7.0/stm32cubeide/plugins/com.st.stm32cube.ide.mcu.externaltools.gnu-tools-for-stm32.9-2020-q2-update.win32_2.0.0.202105311346/tools/bin/../lib/gcc/arm-none-eabi/9.3.1/thumb/v7-m/nofp/crtbegin.o
 *(.bss*)
 .bss.enabledLedSegmentSide
                0x000000002000005c        0x4 ./Core/Src/UDF_led_segment.o
 .bss.enabledLedSegmentDigit
                0x0000000020000060        0x4 ./Core/Src/UDF_led_segment.o
 *(COMMON)
 COMMON         0x0000000020000064      0x180 ./Core/Src/UDF_button.o
                0x0000000020000064                timers
                0x0000000020000094                buttons
 COMMON         0x00000000200001e4       0x30 ./Core/Src/UDF_led_indicator.o
                0x00000000200001e4                ledIndicatorPhysical
 COMMON         0x0000000020000214       0x30 ./Core/Src/UDF_led_segment.o
                0x0000000020000214                ledSegments
 COMMON         0x0000000020000244        0xe ./Core/Src/UDF_traffic_light.o
                0x0000000020000244                system
 *fill*         0x0000000020000252        0x2 
 COMMON         0x0000000020000254       0x48 ./Core/Src/main.o
                0x0000000020000254                htim2
 COMMON         0x000000002000029c        0x4 ./Drivers/STM32F1xx_HAL_Driver/Src/stm32f1xx_hal.o
                0x000000002000029c                uwTick
                0x00000000200002a0                . = ALIGN (0x4)
                0x00000000200002a0                _ebss = .
                0x00000000200002a0                __bss_end__ = _ebss

._user_heap_stack
                0x00000000200002a0      0x600 load address 0x0000000008002564
                0x00000000200002a0                . = ALIGN (0x8)
                [!provide]                        PROVIDE (end = .)
                0x00000000200002a0                PROVIDE (_end = .)
                0x00000000200004a0                . = (. + _Min_Heap_Size)
 *fill*         0x00000000200002a0      0x200 
                0x00000000200008a0                . = (. + _Min_Stack_Size)
 *fill*         0x00000000200004a0      0x400 
                0x00000000200008a0                . = ALIGN (0x8)

/DISCARD/
 libc.a(*)
 libm.a(*)
 libgcc.a(*)

.ARM.attributes
                0x0000000000000000       0x29
 *(.ARM.attributes)
 .ARM.attributes
                0x0000000000000000       0x1d d:/installation/apps/cubeide/stm32cubeide_1.7.0/stm32cubeide/plugins/com.st.stm32cube.ide.mcu.externaltools.gnu-tools-for-stm32.9-2020-q2-update.win32_2.0.0.202105311346/tools/bin/../lib/gcc/arm-none-eabi/9.3.1/thumb/v7-m/nofp/crti.o
 .ARM.attributes
                0x000000000000001d       0x2d d:/installation/apps/cubeide/stm32cubeide_1.7.0/stm32cubeide/plugins/com.st.stm32cube.ide.mcu.externaltools.gnu-tools-for-stm32.9-2020-q2-update.win32_2.0.0.202105311346/tools/bin/../lib/gcc/arm-none-eabi/9.3.1/thumb/v7-m/nofp/crtbegin.o
 .ARM.attributes
                0x000000000000004a       0x2d ./Core/Src/UDF_button.o
 .ARM.attributes
                0x0000000000000077       0x2d ./Core/Src/UDF_led_indicator.o
 .ARM.attributes
                0x00000000000000a4       0x2d ./Core/Src/UDF_led_segment.o
 .ARM.attributes
                0x00000000000000d1       0x2d ./Core/Src/UDF_timer.o
 .ARM.attributes
                0x00000000000000fe       0x2d ./Core/Src/UDF_traffic_light.o
 .ARM.attributes
                0x000000000000012b       0x2d ./Core/Src/main.o
 .ARM.attributes
                0x0000000000000158       0x2d ./Core/Src/stm32f1xx_hal_msp.o
 .ARM.attributes
                0x0000000000000185       0x2d ./Core/Src/stm32f1xx_it.o
 .ARM.attributes
                0x00000000000001b2       0x2d ./Core/Src/system_stm32f1xx.o
 .ARM.attributes
                0x00000000000001df       0x21 ./Core/Startup/startup_stm32f103c6tx.o
 .ARM.attributes
                0x0000000000000200       0x2d ./Drivers/STM32F1xx_HAL_Driver/Src/stm32f1xx_hal.o
 .ARM.attributes
                0x000000000000022d       0x2d ./Drivers/STM32F1xx_HAL_Driver/Src/stm32f1xx_hal_cortex.o
 .ARM.attributes
                0x000000000000025a       0x2d ./Drivers/STM32F1xx_HAL_Driver/Src/stm32f1xx_hal_gpio.o
 .ARM.attributes
                0x0000000000000287       0x2d ./Drivers/STM32F1xx_HAL_Driver/Src/stm32f1xx_hal_rcc.o
 .ARM.attributes
                0x00000000000002b4       0x2d ./Drivers/STM32F1xx_HAL_Driver/Src/stm32f1xx_hal_tim.o
 .ARM.attributes
                0x00000000000002e1       0x2d ./Drivers/STM32F1xx_HAL_Driver/Src/stm32f1xx_hal_tim_ex.o
 .ARM.attributes
                0x000000000000030e       0x2d d:/installation/apps/cubeide/stm32cubeide_1.7.0/stm32cubeide/plugins/com.st.stm32cube.ide.mcu.externaltools.gnu-tools-for-stm32.9-2020-q2-update.win32_2.0.0.202105311346/tools/bin/../lib/gcc/arm-none-eabi/9.3.1/../../../../arm-none-eabi/lib/thumb/v7-m/nofp\libc_nano.a(lib_a-init.o)
 .ARM.attributes
                0x000000000000033b       0x2d d:/installation/apps/cubeide/stm32cubeide_1.7.0/stm32cubeide/plugins/com.st.stm32cube.ide.mcu.externaltools.gnu-tools-for-stm32.9-2020-q2-update.win32_2.0.0.202105311346/tools/bin/../lib/gcc/arm-none-eabi/9.3.1/../../../../arm-none-eabi/lib/thumb/v7-m/nofp\libc_nano.a(lib_a-memset.o)
 .ARM.attributes
                0x0000000000000368       0x1d d:/installation/apps/cubeide/stm32cubeide_1.7.0/stm32cubeide/plugins/com.st.stm32cube.ide.mcu.externaltools.gnu-tools-for-stm32.9-2020-q2-update.win32_2.0.0.202105311346/tools/bin/../lib/gcc/arm-none-eabi/9.3.1/thumb/v7-m/nofp/crtn.o
OUTPUT(Button.elf elf32-littlearm)
LOAD linker stubs
LOAD d:/installation/apps/cubeide/stm32cubeide_1.7.0/stm32cubeide/plugins/com.st.stm32cube.ide.mcu.externaltools.gnu-tools-for-stm32.9-2020-q2-update.win32_2.0.0.202105311346/tools/bin/../lib/gcc/arm-none-eabi/9.3.1/../../../../arm-none-eabi/lib/thumb/v7-m/nofp\libc.a
LOAD d:/installation/apps/cubeide/stm32cubeide_1.7.0/stm32cubeide/plugins/com.st.stm32cube.ide.mcu.externaltools.gnu-tools-for-stm32.9-2020-q2-update.win32_2.0.0.202105311346/tools/bin/../lib/gcc/arm-none-eabi/9.3.1/../../../../arm-none-eabi/lib/thumb/v7-m/nofp\libm.a
LOAD d:/installation/apps/cubeide/stm32cubeide_1.7.0/stm32cubeide/plugins/com.st.stm32cube.ide.mcu.externaltools.gnu-tools-for-stm32.9-2020-q2-update.win32_2.0.0.202105311346/tools/bin/../lib/gcc/arm-none-eabi/9.3.1/thumb/v7-m/nofp\libgcc.a

.debug_info     0x0000000000000000     0x9f4e
 .debug_info    0x0000000000000000      0x50f ./Core/Src/UDF_button.o
 .debug_info    0x000000000000050f      0x454 ./Core/Src/UDF_led_indicator.o
 .debug_info    0x0000000000000963      0x494 ./Core/Src/UDF_led_segment.o
 .debug_info    0x0000000000000df7      0x83d ./Core/Src/UDF_timer.o
 .debug_info    0x0000000000001634      0x484 ./Core/Src/UDF_traffic_light.o
 .debug_info    0x0000000000001ab8      0xbc5 ./Core/Src/main.o
 .debug_info    0x000000000000267d      0xa09 ./Core/Src/stm32f1xx_hal_msp.o
 .debug_info    0x0000000000003086      0x7b9 ./Core/Src/stm32f1xx_it.o
 .debug_info    0x000000000000383f      0x2be ./Core/Src/system_stm32f1xx.o
 .debug_info    0x0000000000003afd       0x22 ./Core/Startup/startup_stm32f103c6tx.o
 .debug_info    0x0000000000003b1f      0x74c ./Drivers/STM32F1xx_HAL_Driver/Src/stm32f1xx_hal.o
 .debug_info    0x000000000000426b      0xbbe ./Drivers/STM32F1xx_HAL_Driver/Src/stm32f1xx_hal_cortex.o
 .debug_info    0x0000000000004e29      0x701 ./Drivers/STM32F1xx_HAL_Driver/Src/stm32f1xx_hal_gpio.o
 .debug_info    0x000000000000552a      0x893 ./Drivers/STM32F1xx_HAL_Driver/Src/stm32f1xx_hal_rcc.o
 .debug_info    0x0000000000005dbd     0x2c12 ./Drivers/STM32F1xx_HAL_Driver/Src/stm32f1xx_hal_tim.o
 .debug_info    0x00000000000089cf     0x157f ./Drivers/STM32F1xx_HAL_Driver/Src/stm32f1xx_hal_tim_ex.o

.debug_abbrev   0x0000000000000000     0x1d84
 .debug_abbrev  0x0000000000000000      0x1e4 ./Core/Src/UDF_button.o
 .debug_abbrev  0x00000000000001e4      0x1d6 ./Core/Src/UDF_led_indicator.o
 .debug_abbrev  0x00000000000003ba      0x1b5 ./Core/Src/UDF_led_segment.o
 .debug_abbrev  0x000000000000056f      0x1d0 ./Core/Src/UDF_timer.o
 .debug_abbrev  0x000000000000073f      0x17e ./Core/Src/UDF_traffic_light.o
 .debug_abbrev  0x00000000000008bd      0x21b ./Core/Src/main.o
 .debug_abbrev  0x0000000000000ad8      0x1b7 ./Core/Src/stm32f1xx_hal_msp.o
 .debug_abbrev  0x0000000000000c8f      0x176 ./Core/Src/stm32f1xx_it.o
 .debug_abbrev  0x0000000000000e05      0x14e ./Core/Src/system_stm32f1xx.o
 .debug_abbrev  0x0000000000000f53       0x12 ./Core/Startup/startup_stm32f103c6tx.o
 .debug_abbrev  0x0000000000000f65      0x1ed ./Drivers/STM32F1xx_HAL_Driver/Src/stm32f1xx_hal.o
 .debug_abbrev  0x0000000000001152      0x313 ./Drivers/STM32F1xx_HAL_Driver/Src/stm32f1xx_hal_cortex.o
 .debug_abbrev  0x0000000000001465      0x1e8 ./Drivers/STM32F1xx_HAL_Driver/Src/stm32f1xx_hal_gpio.o
 .debug_abbrev  0x000000000000164d      0x273 ./Drivers/STM32F1xx_HAL_Driver/Src/stm32f1xx_hal_rcc.o
 .debug_abbrev  0x00000000000018c0      0x25e ./Drivers/STM32F1xx_HAL_Driver/Src/stm32f1xx_hal_tim.o
 .debug_abbrev  0x0000000000001b1e      0x266 ./Drivers/STM32F1xx_HAL_Driver/Src/stm32f1xx_hal_tim_ex.o

.debug_aranges  0x0000000000000000      0xa60
 .debug_aranges
                0x0000000000000000       0x50 ./Core/Src/UDF_button.o
 .debug_aranges
                0x0000000000000050       0x40 ./Core/Src/UDF_led_indicator.o
 .debug_aranges
                0x0000000000000090       0x30 ./Core/Src/UDF_led_segment.o
 .debug_aranges
                0x00000000000000c0       0x30 ./Core/Src/UDF_timer.o
 .debug_aranges
                0x00000000000000f0       0x48 ./Core/Src/UDF_traffic_light.o
 .debug_aranges
                0x0000000000000138       0x40 ./Core/Src/main.o
 .debug_aranges
                0x0000000000000178       0x30 ./Core/Src/stm32f1xx_hal_msp.o
 .debug_aranges
                0x00000000000001a8       0x68 ./Core/Src/stm32f1xx_it.o
 .debug_aranges
                0x0000000000000210       0x28 ./Core/Src/system_stm32f1xx.o
 .debug_aranges
                0x0000000000000238       0x28 ./Core/Startup/startup_stm32f103c6tx.o
 .debug_aranges
                0x0000000000000260       0xe0 ./Drivers/STM32F1xx_HAL_Driver/Src/stm32f1xx_hal.o
 .debug_aranges
                0x0000000000000340      0x100 ./Drivers/STM32F1xx_HAL_Driver/Src/stm32f1xx_hal_cortex.o
 .debug_aranges
                0x0000000000000440       0x58 ./Drivers/STM32F1xx_HAL_Driver/Src/stm32f1xx_hal_gpio.o
 .debug_aranges
                0x0000000000000498       0x90 ./Drivers/STM32F1xx_HAL_Driver/Src/stm32f1xx_hal_rcc.o
 .debug_aranges
                0x0000000000000528      0x3d0 ./Drivers/STM32F1xx_HAL_Driver/Src/stm32f1xx_hal_tim.o
 .debug_aranges
                0x00000000000008f8      0x168 ./Drivers/STM32F1xx_HAL_Driver/Src/stm32f1xx_hal_tim_ex.o

.debug_ranges   0x0000000000000000      0x968
 .debug_ranges  0x0000000000000000       0x40 ./Core/Src/UDF_button.o
 .debug_ranges  0x0000000000000040       0x30 ./Core/Src/UDF_led_indicator.o
 .debug_ranges  0x0000000000000070       0x20 ./Core/Src/UDF_led_segment.o
 .debug_ranges  0x0000000000000090       0x20 ./Core/Src/UDF_timer.o
 .debug_ranges  0x00000000000000b0       0x38 ./Core/Src/UDF_traffic_light.o
 .debug_ranges  0x00000000000000e8       0x30 ./Core/Src/main.o
 .debug_ranges  0x0000000000000118       0x20 ./Core/Src/stm32f1xx_hal_msp.o
 .debug_ranges  0x0000000000000138       0x58 ./Core/Src/stm32f1xx_it.o
 .debug_ranges  0x0000000000000190       0x18 ./Core/Src/system_stm32f1xx.o
 .debug_ranges  0x00000000000001a8       0x20 ./Core/Startup/startup_stm32f103c6tx.o
 .debug_ranges  0x00000000000001c8       0xd0 ./Drivers/STM32F1xx_HAL_Driver/Src/stm32f1xx_hal.o
 .debug_ranges  0x0000000000000298       0xf0 ./Drivers/STM32F1xx_HAL_Driver/Src/stm32f1xx_hal_cortex.o
 .debug_ranges  0x0000000000000388       0x48 ./Drivers/STM32F1xx_HAL_Driver/Src/stm32f1xx_hal_gpio.o
 .debug_ranges  0x00000000000003d0       0x80 ./Drivers/STM32F1xx_HAL_Driver/Src/stm32f1xx_hal_rcc.o
 .debug_ranges  0x0000000000000450      0x3c0 ./Drivers/STM32F1xx_HAL_Driver/Src/stm32f1xx_hal_tim.o
 .debug_ranges  0x0000000000000810      0x158 ./Drivers/STM32F1xx_HAL_Driver/Src/stm32f1xx_hal_tim_ex.o

.debug_macro    0x0000000000000000    0x16d31
 .debug_macro   0x0000000000000000      0x1dd ./Core/Src/UDF_button.o
 .debug_macro   0x00000000000001dd      0xa9c ./Core/Src/UDF_button.o
 .debug_macro   0x0000000000000c79      0x215 ./Core/Src/UDF_button.o
 .debug_macro   0x0000000000000e8e       0x2e ./Core/Src/UDF_button.o
 .debug_macro   0x0000000000000ebc       0x22 ./Core/Src/UDF_button.o
 .debug_macro   0x0000000000000ede       0x22 ./Core/Src/UDF_button.o
 .debug_macro   0x0000000000000f00       0x8e ./Core/Src/UDF_button.o
 .debug_macro   0x0000000000000f8e       0x51 ./Core/Src/UDF_button.o
 .debug_macro   0x0000000000000fdf      0x103 ./Core/Src/UDF_button.o
 .debug_macro   0x00000000000010e2       0x6a ./Core/Src/UDF_button.o
 .debug_macro   0x000000000000114c      0x1df ./Core/Src/UDF_button.o
 .debug_macro   0x000000000000132b       0x1c ./Core/Src/UDF_button.o
 .debug_macro   0x0000000000001347       0x22 ./Core/Src/UDF_button.o
 .debug_macro   0x0000000000001369       0xc3 ./Core/Src/UDF_button.o
 .debug_macro   0x000000000000142c      0xd23 ./Core/Src/UDF_button.o
 .debug_macro   0x000000000000214f     0xde75 ./Core/Src/UDF_button.o
 .debug_macro   0x000000000000ffc4       0x6d ./Core/Src/UDF_button.o
 .debug_macro   0x0000000000010031     0x348d ./Core/Src/UDF_button.o
 .debug_macro   0x00000000000134be      0x174 ./Core/Src/UDF_button.o
 .debug_macro   0x0000000000013632       0x5c ./Core/Src/UDF_button.o
 .debug_macro   0x000000000001368e      0x5bc ./Core/Src/UDF_button.o
 .debug_macro   0x0000000000013c4a      0x1b7 ./Core/Src/UDF_button.o
 .debug_macro   0x0000000000013e01      0x1cb ./Core/Src/UDF_button.o
 .debug_macro   0x0000000000013fcc      0x114 ./Core/Src/UDF_button.o
 .debug_macro   0x00000000000140e0      0x1b2 ./Core/Src/UDF_button.o
 .debug_macro   0x0000000000014292       0x27 ./Core/Src/UDF_button.o
 .debug_macro   0x00000000000142b9      0x12f ./Core/Src/UDF_button.o
 .debug_macro   0x00000000000143e8      0x1bc ./Core/Src/UDF_button.o
 .debug_macro   0x00000000000145a4       0x34 ./Core/Src/UDF_button.o
 .debug_macro   0x00000000000145d8       0x3c ./Core/Src/UDF_button.o
 .debug_macro   0x0000000000014614       0x57 ./Core/Src/UDF_button.o
 .debug_macro   0x000000000001466b       0x87 ./Core/Src/UDF_button.o
 .debug_macro   0x00000000000146f2      0x183 ./Core/Src/UDF_button.o
 .debug_macro   0x0000000000014875      0x140 ./Core/Src/UDF_button.o
 .debug_macro   0x00000000000149b5      0x8ed ./Core/Src/UDF_button.o
 .debug_macro   0x00000000000152a2       0x69 ./Core/Src/UDF_button.o
 .debug_macro   0x000000000001530b       0xf4 ./Core/Src/UDF_button.o
 .debug_macro   0x00000000000153ff       0x22 ./Core/Src/UDF_button.o
 .debug_macro   0x0000000000015421       0x2e ./Core/Src/UDF_button.o
 .debug_macro   0x000000000001544f       0x34 ./Core/Src/UDF_button.o
 .debug_macro   0x0000000000015483      0x1d1 ./Core/Src/UDF_led_indicator.o
 .debug_macro   0x0000000000015654      0x1d1 ./Core/Src/UDF_led_segment.o
 .debug_macro   0x0000000000015825      0x1cd ./Core/Src/UDF_timer.o
 .debug_macro   0x00000000000159f2       0x2e ./Core/Src/UDF_timer.o
 .debug_macro   0x0000000000015a20      0x201 ./Core/Src/UDF_traffic_light.o
 .debug_macro   0x0000000000015c21      0x1f7 ./Core/Src/main.o
 .debug_macro   0x0000000000015e18      0x1a6 ./Core/Src/stm32f1xx_hal_msp.o
 .debug_macro   0x0000000000015fbe      0x1b0 ./Core/Src/stm32f1xx_it.o
 .debug_macro   0x000000000001616e      0x197 ./Core/Src/system_stm32f1xx.o
 .debug_macro   0x0000000000016305      0x1bb ./Drivers/STM32F1xx_HAL_Driver/Src/stm32f1xx_hal.o
 .debug_macro   0x00000000000164c0      0x197 ./Drivers/STM32F1xx_HAL_Driver/Src/stm32f1xx_hal_cortex.o
 .debug_macro   0x0000000000016657      0x202 ./Drivers/STM32F1xx_HAL_Driver/Src/stm32f1xx_hal_gpio.o
 .debug_macro   0x0000000000016859      0x1a9 ./Drivers/STM32F1xx_HAL_Driver/Src/stm32f1xx_hal_rcc.o
 .debug_macro   0x0000000000016a02      0x198 ./Drivers/STM32F1xx_HAL_Driver/Src/stm32f1xx_hal_tim.o
 .debug_macro   0x0000000000016b9a      0x197 ./Drivers/STM32F1xx_HAL_Driver/Src/stm32f1xx_hal_tim_ex.o

.debug_line     0x0000000000000000     0xd190
 .debug_line    0x0000000000000000      0x9dd ./Core/Src/UDF_button.o
 .debug_line    0x00000000000009dd      0x91c ./Core/Src/UDF_led_indicator.o
 .debug_line    0x00000000000012f9      0x929 ./Core/Src/UDF_led_segment.o
 .debug_line    0x0000000000001c22      0x8ae ./Core/Src/UDF_timer.o
 .debug_line    0x00000000000024d0      0xa65 ./Core/Src/UDF_traffic_light.o
 .debug_line    0x0000000000002f35      0x95f ./Core/Src/main.o
 .debug_line    0x0000000000003894      0x821 ./Core/Src/stm32f1xx_hal_msp.o
 .debug_line    0x00000000000040b5      0x8bf ./Core/Src/stm32f1xx_it.o
 .debug_line    0x0000000000004974      0x863 ./Core/Src/system_stm32f1xx.o
 .debug_line    0x00000000000051d7       0x86 ./Core/Startup/startup_stm32f103c6tx.o
 .debug_line    0x000000000000525d      0xa90 ./Drivers/STM32F1xx_HAL_Driver/Src/stm32f1xx_hal.o
 .debug_line    0x0000000000005ced      0xc78 ./Drivers/STM32F1xx_HAL_Driver/Src/stm32f1xx_hal_cortex.o
 .debug_line    0x0000000000006965      0xb13 ./Drivers/STM32F1xx_HAL_Driver/Src/stm32f1xx_hal_gpio.o
 .debug_line    0x0000000000007478      0xe9c ./Drivers/STM32F1xx_HAL_Driver/Src/stm32f1xx_hal_rcc.o
 .debug_line    0x0000000000008314     0x34c6 ./Drivers/STM32F1xx_HAL_Driver/Src/stm32f1xx_hal_tim.o
 .debug_line    0x000000000000b7da     0x19b6 ./Drivers/STM32F1xx_HAL_Driver/Src/stm32f1xx_hal_tim_ex.o

.debug_str      0x0000000000000000    0x8279c
 .debug_str     0x0000000000000000    0x7fa87 ./Core/Src/UDF_button.o
                                      0x7fe07 (size before relaxing)
 .debug_str     0x000000000007fa87      0x120 ./Core/Src/UDF_led_indicator.o
                                      0x7fd36 (size before relaxing)
 .debug_str     0x000000000007fba7      0x101 ./Core/Src/UDF_led_segment.o
                                      0x7fd88 (size before relaxing)
 .debug_str     0x000000000007fca8      0x473 ./Core/Src/UDF_timer.o
                                      0x8012c (size before relaxing)
 .debug_str     0x000000000008011b      0x1a1 ./Core/Src/UDF_traffic_light.o
                                      0x7fe78 (size before relaxing)
 .debug_str     0x00000000000802bc      0x2ac ./Core/Src/main.o
                                      0x803b7 (size before relaxing)
 .debug_str     0x0000000000080568      0x2ba ./Core/Src/stm32f1xx_hal_msp.o
                                      0x80232 (size before relaxing)
 .debug_str     0x0000000000080822       0xcd ./Core/Src/stm32f1xx_it.o
                                      0x7ff94 (size before relaxing)
 .debug_str     0x00000000000808ef       0x52 ./Core/Src/system_stm32f1xx.o
                                      0x7f6fc (size before relaxing)
 .debug_str     0x0000000000080941       0x36 ./Core/Startup/startup_stm32f103c6tx.o
                                         0x8b (size before relaxing)
 .debug_str     0x0000000000080977      0x304 ./Drivers/STM32F1xx_HAL_Driver/Src/stm32f1xx_hal.o
                                      0x7fd53 (size before relaxing)
 .debug_str     0x0000000000080c7b      0x300 ./Drivers/STM32F1xx_HAL_Driver/Src/stm32f1xx_hal_cortex.o
                                      0x7fd5b (size before relaxing)
 .debug_str     0x0000000000080f7b      0x316 ./Drivers/STM32F1xx_HAL_Driver/Src/stm32f1xx_hal_gpio.o
                                      0x7fac0 (size before relaxing)
 .debug_str     0x0000000000081291      0x24f ./Drivers/STM32F1xx_HAL_Driver/Src/stm32f1xx_hal_rcc.o
                                      0x7faf9 (size before relaxing)
 .debug_str     0x00000000000814e0      0xdce ./Drivers/STM32F1xx_HAL_Driver/Src/stm32f1xx_hal_tim.o
                                      0x80ad2 (size before relaxing)
 .debug_str     0x00000000000822ae      0x4ee ./Drivers/STM32F1xx_HAL_Driver/Src/stm32f1xx_hal_tim_ex.o
                                      0x80283 (size before relaxing)

.comment        0x0000000000000000       0x53
 .comment       0x0000000000000000       0x53 ./Core/Src/UDF_button.o
                                         0x54 (size before relaxing)
 .comment       0x0000000000000053       0x54 ./Core/Src/UDF_led_indicator.o
 .comment       0x0000000000000053       0x54 ./Core/Src/UDF_led_segment.o
 .comment       0x0000000000000053       0x54 ./Core/Src/UDF_timer.o
 .comment       0x0000000000000053       0x54 ./Core/Src/UDF_traffic_light.o
 .comment       0x0000000000000053       0x54 ./Core/Src/main.o
 .comment       0x0000000000000053       0x54 ./Core/Src/stm32f1xx_hal_msp.o
 .comment       0x0000000000000053       0x54 ./Core/Src/stm32f1xx_it.o
 .comment       0x0000000000000053       0x54 ./Core/Src/system_stm32f1xx.o
 .comment       0x0000000000000053       0x54 ./Drivers/STM32F1xx_HAL_Driver/Src/stm32f1xx_hal.o
 .comment       0x0000000000000053       0x54 ./Drivers/STM32F1xx_HAL_Driver/Src/stm32f1xx_hal_cortex.o
 .comment       0x0000000000000053       0x54 ./Drivers/STM32F1xx_HAL_Driver/Src/stm32f1xx_hal_gpio.o
 .comment       0x0000000000000053       0x54 ./Drivers/STM32F1xx_HAL_Driver/Src/stm32f1xx_hal_rcc.o
 .comment       0x0000000000000053       0x54 ./Drivers/STM32F1xx_HAL_Driver/Src/stm32f1xx_hal_tim.o
 .comment       0x0000000000000053       0x54 ./Drivers/STM32F1xx_HAL_Driver/Src/stm32f1xx_hal_tim_ex.o

.debug_frame    0x0000000000000000     0x2964
 .debug_frame   0x0000000000000000      0x120 ./Core/Src/UDF_button.o
 .debug_frame   0x0000000000000120       0xc8 ./Core/Src/UDF_led_indicator.o
 .debug_frame   0x00000000000001e8       0x88 ./Core/Src/UDF_led_segment.o
 .debug_frame   0x0000000000000270       0x7c ./Core/Src/UDF_timer.o
 .debug_frame   0x00000000000002ec       0xd4 ./Core/Src/UDF_traffic_light.o
 .debug_frame   0x00000000000003c0       0xb0 ./Core/Src/main.o
 .debug_frame   0x0000000000000470       0x80 ./Core/Src/stm32f1xx_hal_msp.o
 .debug_frame   0x00000000000004f0      0x120 ./Core/Src/stm32f1xx_it.o
 .debug_frame   0x0000000000000610       0x58 ./Core/Src/system_stm32f1xx.o
 .debug_frame   0x0000000000000668      0x334 ./Drivers/STM32F1xx_HAL_Driver/Src/stm32f1xx_hal.o
 .debug_frame   0x000000000000099c      0x428 ./Drivers/STM32F1xx_HAL_Driver/Src/stm32f1xx_hal_cortex.o
 .debug_frame   0x0000000000000dc4      0x14c ./Drivers/STM32F1xx_HAL_Driver/Src/stm32f1xx_hal_gpio.o
 .debug_frame   0x0000000000000f10      0x218 ./Drivers/STM32F1xx_HAL_Driver/Src/stm32f1xx_hal_rcc.o
 .debug_frame   0x0000000000001128     0x11b8 ./Drivers/STM32F1xx_HAL_Driver/Src/stm32f1xx_hal_tim.o
 .debug_frame   0x00000000000022e0      0x638 ./Drivers/STM32F1xx_HAL_Driver/Src/stm32f1xx_hal_tim_ex.o
 .debug_frame   0x0000000000002918       0x2c d:/installation/apps/cubeide/stm32cubeide_1.7.0/stm32cubeide/plugins/com.st.stm32cube.ide.mcu.externaltools.gnu-tools-for-stm32.9-2020-q2-update.win32_2.0.0.202105311346/tools/bin/../lib/gcc/arm-none-eabi/9.3.1/../../../../arm-none-eabi/lib/thumb/v7-m/nofp\libc_nano.a(lib_a-init.o)
 .debug_frame   0x0000000000002944       0x20 d:/installation/apps/cubeide/stm32cubeide_1.7.0/stm32cubeide/plugins/com.st.stm32cube.ide.mcu.externaltools.gnu-tools-for-stm32.9-2020-q2-update.win32_2.0.0.202105311346/tools/bin/../lib/gcc/arm-none-eabi/9.3.1/../../../../arm-none-eabi/lib/thumb/v7-m/nofp\libc_nano.a(lib_a-memset.o)
